Archive member included because of file (symbol)

c:/winavr-20080430/bin/../lib/gcc/avr/4.3.0/avr5\libgcc.a(_divmodhi4.o)
                              avrhidmouse.o (__divmodhi4)
c:/winavr-20080430/bin/../lib/gcc/avr/4.3.0/avr5\libgcc.a(_exit.o)
                              c:/winavr-20080430/bin/../lib/gcc/avr/4.3.0/../../../../avr/lib/avr5/crtm16.o (exit)
c:/winavr-20080430/bin/../lib/gcc/avr/4.3.0/avr5\libgcc.a(_copy_data.o)
                              avrhidmouse.o (__do_copy_data)
c:/winavr-20080430/bin/../lib/gcc/avr/4.3.0/avr5\libgcc.a(_clear_bss.o)
                              avrhidmouse.o (__do_clear_bss)
c:/winavr-20080430/bin/../lib/gcc/avr/4.3.0/avr5\libgcc.a(_udivmodhi4.o)
                              c:/winavr-20080430/bin/../lib/gcc/avr/4.3.0/avr5\libgcc.a(_divmodhi4.o) (__udivmodhi4)

Allocating common symbols
Common symbol       size              file

usbTxBuf            0xb               usbdrv.o
usbTxStatus1        0xc               usbdrv.o
usbDeviceAddr       0x1               usbdrv.o
usbRxToken          0x1               usbdrv.o
usbInputBufOffset   0x1               usbdrv.o
usbMsgPtr           0x2               usbdrv.o
usbRxLen            0x1               usbdrv.o
usbNewDeviceAddr    0x1               usbdrv.o
usbCurrentTok       0x1               usbdrv.o
usbConfiguration    0x1               usbdrv.o
usbRxBuf            0x16              usbdrv.o

Memory Configuration

Name             Origin             Length             Attributes
text             0x00000000         0x00020000         xr
data             0x00800060         0x0000ffa0         rw !x
eeprom           0x00810000         0x00010000         rw !x
fuse             0x00820000         0x00000400         rw !x
lock             0x00830000         0x00000400         rw !x
signature        0x00840000         0x00000400         rw !x
*default*        0x00000000         0xffffffff

Linker script and memory map

LOAD c:/winavr-20080430/bin/../lib/gcc/avr/4.3.0/../../../../avr/lib/avr5/crtm16.o
LOAD avrhidmouse.o
LOAD usbdrvasm.o
LOAD oddebug.o
LOAD usbdrv.o
LOAD c:/winavr-20080430/bin/../lib/gcc/avr/4.3.0/avr5\libgcc.a
LOAD c:/winavr-20080430/bin/../lib/gcc/avr/4.3.0/../../../../avr/lib/avr5\libc.a
LOAD c:/winavr-20080430/bin/../lib/gcc/avr/4.3.0/avr5\libgcc.a

.hash
 *(.hash)

.dynsym
 *(.dynsym)

.dynstr
 *(.dynstr)

.gnu.version
 *(.gnu.version)

.gnu.version_d
 *(.gnu.version_d)

.gnu.version_r
 *(.gnu.version_r)

.rel.init
 *(.rel.init)

.rela.init
 *(.rela.init)

.rel.text
 *(.rel.text)
 *(.rel.text.*)
 *(.rel.gnu.linkonce.t*)

.rela.text
 *(.rela.text)
 *(.rela.text.*)
 *(.rela.gnu.linkonce.t*)

.rel.fini
 *(.rel.fini)

.rela.fini
 *(.rela.fini)

.rel.rodata
 *(.rel.rodata)
 *(.rel.rodata.*)
 *(.rel.gnu.linkonce.r*)

.rela.rodata
 *(.rela.rodata)
 *(.rela.rodata.*)
 *(.rela.gnu.linkonce.r*)

.rel.data
 *(.rel.data)
 *(.rel.data.*)
 *(.rel.gnu.linkonce.d*)

.rela.data
 *(.rela.data)
 *(.rela.data.*)
 *(.rela.gnu.linkonce.d*)

.rel.ctors
 *(.rel.ctors)

.rela.ctors
 *(.rela.ctors)

.rel.dtors
 *(.rel.dtors)

.rela.dtors
 *(.rela.dtors)

.rel.got
 *(.rel.got)

.rela.got
 *(.rela.got)

.rel.bss
 *(.rel.bss)

.rela.bss
 *(.rela.bss)

.rel.plt
 *(.rel.plt)

.rela.plt
 *(.rela.plt)

.text           0x00000000      0x958
 *(.vectors)
 .vectors       0x00000000       0x54 c:/winavr-20080430/bin/../lib/gcc/avr/4.3.0/../../../../avr/lib/avr5/crtm16.o
                0x00000000                __vectors
                0x00000000                __vector_default
 *(.vectors)
 *(.progmem.gcc*)
 *(.progmem*)
 .progmem.data  0x00000054       0x34 avrhidmouse.o
                0x00000054                usbDescriptorHidReport
 .progmem.data  0x00000088       0x50 usbdrv.o
                0x000000a4                usbDescriptorDevice
                0x00000088                usbDescriptorString0
                0x000000b6                usbDescriptorConfiguration
                0x0000008c                usbDescriptorStringVendor
                0x00000098                usbDescriptorStringDevice
                0x000000d8                . = ALIGN (0x2)
                0x000000d8                __trampolines_start = .
 *(.trampolines)
 .trampolines   0x000000d8        0x0 linker stubs
 *(.trampolines*)
                0x000000d8                __trampolines_end = .
 *(.jumptables)
 *(.jumptables*)
 *(.lowtext)
 *(.lowtext*)
                0x000000d8                __ctors_start = .
 *(.ctors)
                0x000000d8                __ctors_end = .
                0x000000d8                __dtors_start = .
 *(.dtors)
                0x000000d8                __dtors_end = .
 SORT(*)(.ctors)
 SORT(*)(.dtors)
 *(.init0)
 .init0         0x000000d8        0x0 c:/winavr-20080430/bin/../lib/gcc/avr/4.3.0/../../../../avr/lib/avr5/crtm16.o
                0x000000d8                __init
 *(.init0)
 *(.init1)
 *(.init1)
 *(.init2)
 .init2         0x000000d8        0xc c:/winavr-20080430/bin/../lib/gcc/avr/4.3.0/../../../../avr/lib/avr5/crtm16.o
 *(.init2)
 *(.init3)
 *(.init3)
 *(.init4)
 .init4         0x000000e4       0x16 c:/winavr-20080430/bin/../lib/gcc/avr/4.3.0/avr5\libgcc.a(_copy_data.o)
                0x000000e4                __do_copy_data
 .init4         0x000000fa       0x10 c:/winavr-20080430/bin/../lib/gcc/avr/4.3.0/avr5\libgcc.a(_clear_bss.o)
                0x000000fa                __do_clear_bss
 *(.init4)
 *(.init5)
 *(.init5)
 *(.init6)
 *(.init6)
 *(.init7)
 *(.init7)
 *(.init8)
 *(.init8)
 *(.init9)
 .init9         0x0000010a        0x8 c:/winavr-20080430/bin/../lib/gcc/avr/4.3.0/../../../../avr/lib/avr5/crtm16.o
 *(.init9)
 *(.text)
 .text          0x00000112        0x4 c:/winavr-20080430/bin/../lib/gcc/avr/4.3.0/../../../../avr/lib/avr5/crtm16.o
                0x00000112                __vector_12
                0x00000112                __bad_interrupt
                0x00000112                __vector_6
                0x00000112                __vector_3
                0x00000112                __vector_11
                0x00000112                __vector_13
                0x00000112                __vector_17
                0x00000112                __vector_19
                0x00000112                __vector_7
                0x00000112                __vector_5
                0x00000112                __vector_4
                0x00000112                __vector_9
                0x00000112                __vector_2
                0x00000112                __vector_15
                0x00000112                __vector_8
                0x00000112                __vector_14
                0x00000112                __vector_10
                0x00000112                __vector_16
                0x00000112                __vector_18
                0x00000112                __vector_20
 .text          0x00000116      0x2e0 avrhidmouse.o
                0x00000210                LCDWriteString
                0x000002fa                usbFunctionSetup
                0x0000016a                LCDByte
                0x00000116                LCDBusyLoop
                0x000001ba                InitLCD
                0x00000340                main
                0x0000022c                LCDWriteInt
                0x000002e8                LCDGotoXY
 .text          0x000003f6      0x2a6 usbdrvasm.o
                0x00000428                __vector_1
                0x000003f6                usbCrc16
                0x00000420                usbCrc16Append
 .text          0x0000069c        0x0 oddebug.o
 .text          0x0000069c      0x26a usbdrv.o
                0x000006b6                usbPoll
                0x000008c2                usbSetInterrupt
                0x0000069c                usbInit
 .text          0x00000906        0x0 c:/winavr-20080430/bin/../lib/gcc/avr/4.3.0/avr5\libgcc.a(_divmodhi4.o)
 .text          0x00000906        0x0 c:/winavr-20080430/bin/../lib/gcc/avr/4.3.0/avr5\libgcc.a(_exit.o)
 .text          0x00000906        0x0 c:/winavr-20080430/bin/../lib/gcc/avr/4.3.0/avr5\libgcc.a(_copy_data.o)
 .text          0x00000906        0x0 c:/winavr-20080430/bin/../lib/gcc/avr/4.3.0/avr5\libgcc.a(_clear_bss.o)
 .text          0x00000906        0x0 c:/winavr-20080430/bin/../lib/gcc/avr/4.3.0/avr5\libgcc.a(_udivmodhi4.o)
                0x00000906                . = ALIGN (0x2)
 *(.text.*)
 .text.libgcc   0x00000906       0x26 c:/winavr-20080430/bin/../lib/gcc/avr/4.3.0/avr5\libgcc.a(_divmodhi4.o)
                0x00000906                __divmodhi4
                0x00000906                _div
 .text.libgcc   0x0000092c        0x0 c:/winavr-20080430/bin/../lib/gcc/avr/4.3.0/avr5\libgcc.a(_exit.o)
 .text.libgcc   0x0000092c        0x0 c:/winavr-20080430/bin/../lib/gcc/avr/4.3.0/avr5\libgcc.a(_copy_data.o)
 .text.libgcc   0x0000092c        0x0 c:/winavr-20080430/bin/../lib/gcc/avr/4.3.0/avr5\libgcc.a(_clear_bss.o)
 .text.libgcc   0x0000092c       0x28 c:/winavr-20080430/bin/../lib/gcc/avr/4.3.0/avr5\libgcc.a(_udivmodhi4.o)
                0x0000092c                __udivmodhi4
                0x00000954                . = ALIGN (0x2)
 *(.fini9)
 .fini9         0x00000954        0x0 c:/winavr-20080430/bin/../lib/gcc/avr/4.3.0/avr5\libgcc.a(_exit.o)
                0x00000954                exit
                0x00000954                _exit
 *(.fini9)
 *(.fini8)
 *(.fini8)
 *(.fini7)
 *(.fini7)
 *(.fini6)
 *(.fini6)
 *(.fini5)
 *(.fini5)
 *(.fini4)
 *(.fini4)
 *(.fini3)
 *(.fini3)
 *(.fini2)
 *(.fini2)
 *(.fini1)
 *(.fini1)
 *(.fini0)
 .fini0         0x00000954        0x4 c:/winavr-20080430/bin/../lib/gcc/avr/4.3.0/avr5\libgcc.a(_exit.o)
 *(.fini0)
                0x00000958                _etext = .

.data           0x00800060        0x4 load address 0x00000958
                0x00800060                PROVIDE (__data_start, .)
 *(.data)
 .data          0x00800060        0x0 c:/winavr-20080430/bin/../lib/gcc/avr/4.3.0/../../../../avr/lib/avr5/crtm16.o
 .data          0x00800060        0x2 avrhidmouse.o
 .data          0x00800062        0x0 usbdrvasm.o
 .data          0x00800062        0x0 oddebug.o
 .data          0x00800062        0x2 usbdrv.o
                0x00800062                usbTxLen
 .data          0x00800064        0x0 c:/winavr-20080430/bin/../lib/gcc/avr/4.3.0/avr5\libgcc.a(_divmodhi4.o)
 .data          0x00800064        0x0 c:/winavr-20080430/bin/../lib/gcc/avr/4.3.0/avr5\libgcc.a(_exit.o)
 .data          0x00800064        0x0 c:/winavr-20080430/bin/../lib/gcc/avr/4.3.0/avr5\libgcc.a(_copy_data.o)
 .data          0x00800064        0x0 c:/winavr-20080430/bin/../lib/gcc/avr/4.3.0/avr5\libgcc.a(_clear_bss.o)
 .data          0x00800064        0x0 c:/winavr-20080430/bin/../lib/gcc/avr/4.3.0/avr5\libgcc.a(_udivmodhi4.o)
 *(.data*)
 *(.rodata)
 *(.rodata*)
 *(.gnu.linkonce.d*)
                0x00800064                . = ALIGN (0x2)
                0x00800064                _edata = .
                0x00800064                PROVIDE (__data_end, .)

.bss            0x00800064       0x3e load address 0x0000095c
                0x00800064                PROVIDE (__bss_start, .)
 *(.bss)
 .bss           0x00800064        0x0 c:/winavr-20080430/bin/../lib/gcc/avr/4.3.0/../../../../avr/lib/avr5/crtm16.o
 .bss           0x00800064        0x7 avrhidmouse.o
 .bss           0x0080006b        0x0 usbdrvasm.o
 .bss           0x0080006b        0x0 oddebug.o
 .bss           0x0080006b        0x1 usbdrv.o
 .bss           0x0080006c        0x0 c:/winavr-20080430/bin/../lib/gcc/avr/4.3.0/avr5\libgcc.a(_divmodhi4.o)
 .bss           0x0080006c        0x0 c:/winavr-20080430/bin/../lib/gcc/avr/4.3.0/avr5\libgcc.a(_exit.o)
 .bss           0x0080006c        0x0 c:/winavr-20080430/bin/../lib/gcc/avr/4.3.0/avr5\libgcc.a(_copy_data.o)
 .bss           0x0080006c        0x0 c:/winavr-20080430/bin/../lib/gcc/avr/4.3.0/avr5\libgcc.a(_clear_bss.o)
 .bss           0x0080006c        0x0 c:/winavr-20080430/bin/../lib/gcc/avr/4.3.0/avr5\libgcc.a(_udivmodhi4.o)
 *(.bss*)
 *(COMMON)
 COMMON         0x0080006c       0x36 usbdrv.o
                0x0080006c                usbTxBuf
                0x00800077                usbTxStatus1
                0x00800083                usbDeviceAddr
                0x00800084                usbRxToken
                0x00800085                usbInputBufOffset
                0x00800086                usbMsgPtr
                0x00800088                usbRxLen
                0x00800089                usbNewDeviceAddr
                0x0080008a                usbCurrentTok
                0x0080008b                usbConfiguration
                0x0080008c                usbRxBuf
                0x008000a2                PROVIDE (__bss_end, .)
                0x00000958                __data_load_start = LOADADDR (.data)
                0x0000095c                __data_load_end = (__data_load_start + SIZEOF (.data))

.noinit         0x008000a2        0x0
                0x008000a2                PROVIDE (__noinit_start, .)
 *(.noinit*)
                0x008000a2                PROVIDE (__noinit_end, .)
                0x008000a2                _end = .
                0x008000a2                PROVIDE (__heap_start, .)

.eeprom         0x00810000        0x0
 *(.eeprom*)
                0x00810000                __eeprom_end = .

.fuse
 *(.fuse)
 *(.lfuse)
 *(.hfuse)
 *(.efuse)

.lock
 *(.lock*)

.signature
 *(.signature*)

.stab
 *(.stab)

.stabstr
 *(.stabstr)

.stab.excl
 *(.stab.excl)

.stab.exclstr
 *(.stab.exclstr)

.stab.index
 *(.stab.index)

.stab.indexstr
 *(.stab.indexstr)

.comment
 *(.comment)

.debug
 *(.debug)

.line
 *(.line)

.debug_srcinfo
 *(.debug_srcinfo)

.debug_sfnames
 *(.debug_sfnames)

.debug_aranges  0x00000000       0x40
 *(.debug_aranges)
 .debug_aranges
                0x00000000       0x20 avrhidmouse.o
 .debug_aranges
                0x00000020       0x20 usbdrv.o

.debug_pubnames
                0x00000000      0x234
 *(.debug_pubnames)
 .debug_pubnames
                0x00000000       0xa4 avrhidmouse.o
 .debug_pubnames
                0x000000a4      0x190 usbdrv.o

.debug_info     0x00000000     0x11bf
 *(.debug_info)
 .debug_info    0x00000000      0x8b3 avrhidmouse.o
 .debug_info    0x000008b3       0x61 oddebug.o
 .debug_info    0x00000914      0x8ab usbdrv.o
 *(.gnu.linkonce.wi.*)

.debug_abbrev   0x00000000      0x574
 *(.debug_abbrev)
 .debug_abbrev  0x00000000      0x280 avrhidmouse.o
 .debug_abbrev  0x00000280       0x33 oddebug.o
 .debug_abbrev  0x000002b3      0x2c1 usbdrv.o

.debug_line     0x00000000      0x887
 *(.debug_line)
 .debug_line    0x00000000      0x4d6 avrhidmouse.o
 .debug_line    0x000004d6       0x41 oddebug.o
 .debug_line    0x00000517      0x370 usbdrv.o

.debug_frame    0x00000000       0xd0
 *(.debug_frame)
 .debug_frame   0x00000000       0x90 avrhidmouse.o
 .debug_frame   0x00000090       0x40 usbdrv.o

.debug_str      0x00000000      0x4e9
 *(.debug_str)
 .debug_str     0x00000000      0x258 avrhidmouse.o
                                0x2a5 (size before relaxing)
 .debug_str     0x00000258        0xd oddebug.o
                                 0xa3 (size before relaxing)
 .debug_str     0x00000265      0x284 usbdrv.o
                                0x3e6 (size before relaxing)

.debug_loc      0x00000000      0x64f
 *(.debug_loc)
 .debug_loc     0x00000000      0x33e avrhidmouse.o
 .debug_loc     0x0000033e      0x311 usbdrv.o

.debug_macinfo
 *(.debug_macinfo)
OUTPUT(avrhidmouse.elf elf32-avr)
LOAD linker stubs

.debug_ranges   0x00000000       0xe8
 .debug_ranges  0x00000000       0x90 avrhidmouse.o
 .debug_ranges  0x00000090       0x58 usbdrv.o
