Archive member included because of file (symbol)

C:/WinAVR/lib/gcc/avr/3.4.6/avr5\libgcc.a(_copy_data.o)
                              avrhidmouse.o (__do_copy_data)
C:/WinAVR/lib/gcc/avr/3.4.6/avr5\libgcc.a(_clear_bss.o)
                              avrhidmouse.o (__do_clear_bss)

Allocating common symbols
Common symbol       size              file

usbTxBuf            0xb               usbdrv.o
usbDeviceAddr       0x1               usbdrv.o
usbRxToken          0x1               usbdrv.o
usbInputBufOffset   0x1               usbdrv.o
usbMsgPtr           0x2               usbdrv.o
usbRxLen            0x1               usbdrv.o
usbNewDeviceAddr    0x1               usbdrv.o
usbCurrentTok       0x1               usbdrv.o
usbConfiguration    0x1               usbdrv.o
usbRxBuf            0x16              usbdrv.o

Memory Configuration

Name             Origin             Length             Attributes
text             0x00000000         0x00020000         xr
data             0x00800060         0x0000ffa0         rw !x
eeprom           0x00810000         0x00010000         rw !x
*default*        0x00000000         0xffffffff

Linker script and memory map

LOAD C:/WinAVR/bin/../lib/gcc/avr/3.4.6/../../../../avr/lib/avr5/crtm16.o
LOAD avrhidmouse.o
LOAD oddebug.o
LOAD usbdrv.o
LOAD C:/WinAVR/lib/gcc/avr/3.4.6/avr5\libgcc.a
LOAD C:/WinAVR/bin/../lib/gcc/avr/3.4.6/../../../../avr/lib/avr5\libc.a
LOAD C:/WinAVR/lib/gcc/avr/3.4.6/avr5\libgcc.a

.hash
 *(.hash)

.dynsym
 *(.dynsym)

.dynstr
 *(.dynstr)

.gnu.version
 *(.gnu.version)

.gnu.version_d
 *(.gnu.version_d)

.gnu.version_r
 *(.gnu.version_r)

.rel.init
 *(.rel.init)

.rela.init
 *(.rela.init)

.rel.text
 *(.rel.text)
 *(.rel.text.*)
 *(.rel.gnu.linkonce.t*)

.rela.text
 *(.rela.text)
 *(.rela.text.*)
 *(.rela.gnu.linkonce.t*)

.rel.fini
 *(.rel.fini)

.rela.fini
 *(.rela.fini)

.rel.rodata
 *(.rel.rodata)
 *(.rel.rodata.*)
 *(.rel.gnu.linkonce.r*)

.rela.rodata
 *(.rela.rodata)
 *(.rela.rodata.*)
 *(.rela.gnu.linkonce.r*)

.rel.data
 *(.rel.data)
 *(.rel.data.*)
 *(.rel.gnu.linkonce.d*)

.rela.data
 *(.rela.data)
 *(.rela.data.*)
 *(.rela.gnu.linkonce.d*)

.rel.ctors
 *(.rel.ctors)

.rela.ctors
 *(.rela.ctors)

.rel.dtors
 *(.rel.dtors)

.rela.dtors
 *(.rela.dtors)

.rel.got
 *(.rel.got)

.rela.got
 *(.rela.got)

.rel.bss
 *(.rel.bss)

.rela.bss
 *(.rela.bss)

.rel.plt
 *(.rel.plt)

.rela.plt
 *(.rela.plt)

.text           0x00000000      0x2c8
 *(.vectors)
 .vectors       0x00000000       0x54 C:/WinAVR/bin/../lib/gcc/avr/3.4.6/../../../../avr/lib/avr5/crtm16.o
                0x00000000                __vectors
                0x00000000                __vector_default
                0x00000054                __ctors_start = .
 *(.ctors)
                0x00000054                __ctors_end = .
                0x00000054                __dtors_start = .
 *(.dtors)
                0x00000054                __dtors_end = .
 *(.progmem.gcc*)
 *(.progmem*)
 .progmem.data  0x00000054       0x4c usbdrv.o
                0x00000066                usbDescriptorDevice
                0x0000009c                usbDescriptorString0
                0x00000054                usbDescriptorConfiguration
                0x0000008a                usbDescriptorStringVendor
                0x00000078                usbDescriptorStringDevice
                0x000000a0                . = ALIGN (0x2)
 *(.init0)
 *(.init1)
 *(.init2)
 .init2         0x000000a0        0xc C:/WinAVR/bin/../lib/gcc/avr/3.4.6/../../../../avr/lib/avr5/crtm16.o
 *(.init3)
 *(.init4)
 .init4         0x000000ac       0x16 C:/WinAVR/lib/gcc/avr/3.4.6/avr5\libgcc.a(_copy_data.o)
                0x000000ac                __do_copy_data
 .init4         0x000000c2       0x10 C:/WinAVR/lib/gcc/avr/3.4.6/avr5\libgcc.a(_clear_bss.o)
                0x000000c2                __do_clear_bss
 *(.init5)
 *(.init6)
 *(.init7)
 *(.init8)
 *(.init9)
 .init9         0x000000d2        0x4 C:/WinAVR/bin/../lib/gcc/avr/3.4.6/../../../../avr/lib/avr5/crtm16.o
 *(.text)
 .text          0x000000d6        0x4 C:/WinAVR/bin/../lib/gcc/avr/3.4.6/../../../../avr/lib/avr5/crtm16.o
                0x000000d6                __vector_1
                0x000000d6                __vector_12
                0x000000d6                __bad_interrupt
                0x000000d6                __vector_6
                0x000000d6                __vector_3
                0x000000d6                __vector_11
                0x000000d6                __vector_13
                0x000000d6                __vector_17
                0x000000d6                __vector_19
                0x000000d6                __vector_7
                0x000000d6                __vector_5
                0x000000d6                __vector_4
                0x000000d6                __vector_9
                0x000000d6                __vector_2
                0x000000d6                __vector_15
                0x000000d6                __vector_8
                0x000000d6                __vector_14
                0x000000d6                __vector_10
                0x000000d6                __vector_16
                0x000000d6                __vector_18
                0x000000d6                __vector_20
 .text          0x000000da       0x44 avrhidmouse.o
                0x000000da                usbFunctionSetup
                0x000000e0                main
 .text          0x0000011e      0x1aa usbdrv.o
                0x0000011e                usbPoll
                0x000002ba                usbInit
                0x000002c8                . = ALIGN (0x2)
 *(.text.*)
                0x000002c8                . = ALIGN (0x2)
 *(.fini9)
 *(.fini8)
 *(.fini7)
 *(.fini6)
 *(.fini5)
 *(.fini4)
 *(.fini3)
 *(.fini2)
 *(.fini1)
 *(.fini0)
                0x000002c8                _etext = .

.data           0x00800060        0x2 load address 0x000002c8
                0x00800060                PROVIDE (__data_start, .)
 *(.data)
 .data          0x00800060        0x2 usbdrv.o
                0x00800060                usbTxLen
 *(.gnu.linkonce.d*)
                0x00800062                . = ALIGN (0x2)
                0x00800062                _edata = .
                0x00800062                PROVIDE (__data_end, .)

.bss            0x00800062       0x2b
                0x00800062                PROVIDE (__bss_start, .)
 *(.bss)
 .bss           0x00800062        0x1 usbdrv.o
 *(COMMON)
 COMMON         0x00800063       0x2a usbdrv.o
                0x00800063                usbTxBuf
                0x0080006e                usbDeviceAddr
                0x0080006f                usbRxToken
                0x00800070                usbInputBufOffset
                0x00800071                usbMsgPtr
                0x00800073                usbRxLen
                0x00800074                usbNewDeviceAddr
                0x00800075                usbCurrentTok
                0x00800076                usbConfiguration
                0x00800077                usbRxBuf
                0x0080008d                PROVIDE (__bss_end, .)
                0x000002c8                __data_load_start = LOADADDR (.data)
                0x000002ca                __data_load_end = (__data_load_start + SIZEOF (.data))

.noinit         0x0080008d        0x0
                0x0080008d                PROVIDE (__noinit_start, .)
 *(.noinit*)
                0x0080008d                PROVIDE (__noinit_end, .)
                0x0080008d                _end = .
                0x0080008d                PROVIDE (__heap_start, .)

.eeprom         0x00810000        0x0
 *(.eeprom*)
                0x00810000                __eeprom_end = .

.stab           0x00000000      0x36c
 *(.stab)
 .stab          0x00000000      0x36c C:/WinAVR/bin/../lib/gcc/avr/3.4.6/../../../../avr/lib/avr5/crtm16.o

.stabstr        0x00000000       0x84
 *(.stabstr)
 .stabstr       0x00000000       0x84 C:/WinAVR/bin/../lib/gcc/avr/3.4.6/../../../../avr/lib/avr5/crtm16.o

.stab.excl
 *(.stab.excl)

.stab.exclstr
 *(.stab.exclstr)

.stab.index
 *(.stab.index)

.stab.indexstr
 *(.stab.indexstr)

.comment
 *(.comment)

.debug
 *(.debug)

.line
 *(.line)

.debug_srcinfo
 *(.debug_srcinfo)

.debug_sfnames
 *(.debug_sfnames)

.debug_aranges  0x00000000       0x28
 *(.debug_aranges)
 .debug_aranges
                0x00000000       0x14 avrhidmouse.o
 .debug_aranges
                0x00000014       0x14 usbdrv.o

.debug_pubnames
                0x00000000      0x19b
 *(.debug_pubnames)
 .debug_pubnames
                0x00000000       0x30 avrhidmouse.o
 .debug_pubnames
                0x00000030      0x16b usbdrv.o

.debug_info     0x00000000      0x8be
 *(.debug_info)
 .debug_info    0x00000000      0x192 avrhidmouse.o
 .debug_info    0x00000192       0xa0 oddebug.o
 .debug_info    0x00000232      0x68c usbdrv.o
 *(.gnu.linkonce.wi.*)

.debug_abbrev   0x00000000      0x2ff
 *(.debug_abbrev)
 .debug_abbrev  0x00000000       0xf3 avrhidmouse.o
 .debug_abbrev  0x000000f3       0x2a oddebug.o
 .debug_abbrev  0x0000011d      0x1e2 usbdrv.o

.debug_line     0x00000000      0x4f4
 *(.debug_line)
 .debug_line    0x00000000      0x14a avrhidmouse.o
 .debug_line    0x0000014a       0xb5 oddebug.o
 .debug_line    0x000001ff      0x2f5 usbdrv.o

.debug_frame
 *(.debug_frame)

.debug_str      0x00000000      0x36b
 *(.debug_str)
 .debug_str     0x00000000       0xe3 avrhidmouse.o
                                0x13b (size before relaxing)
 .debug_str     0x000000e3        0xd oddebug.o
                                 0xe2 (size before relaxing)
 .debug_str     0x000000f0      0x27b usbdrv.o
                                0x35e (size before relaxing)

.debug_loc
 *(.debug_loc)

.debug_macinfo
 *(.debug_macinfo)
OUTPUT(avrhidmouse.elf elf32-avr)
